Resolving dependencies...
Downloading packages...
  _fe_analyzer_shared 85.0.0 (94.0.0 available)
  analyzer 7.6.0 (10.0.2 available)
  analyzer_plugin 0.13.4 (0.14.2 available)
  app_links 6.4.1 (7.0.0 available)
  build 2.5.4 (4.0.4 available)
  build_config 1.1.2 (1.2.0 available)
  build_resolvers 2.5.4 (3.0.4 available)
  build_runner 2.5.4 (2.11.1 available)
  build_runner_core 9.1.2 (9.3.2 available)
  characters 1.4.0 (1.4.1 available)
  custom_lint_core 0.7.5 (0.8.2 available)
  custom_lint_visitor 1.0.0+7.7.0 (1.0.0+9.0.0 available)
  dart_style 3.1.1 (3.1.5 available)
  drift 2.28.2 (2.31.0 available)
  drift_dev 2.28.0 (2.31.0 available)
  ffi 2.1.5 (2.2.0 available)
  fl_chart 0.66.0 (1.1.1 available)
  flutter_lints 3.0.2 (6.0.0 available)
  flutter_riverpod 2.6.1 (3.2.1 available)
  freezed 2.5.8 (3.2.5 available)
  freezed_annotation 2.4.4 (3.1.0 available)
  image 4.5.4 (4.7.2 available)
  json_annotation 4.9.0 (4.10.0 available)
  json_serializable 6.9.5 (6.12.0 available)
  lints 3.0.0 (6.1.0 available)
  matcher 0.12.17 (0.12.18 available)
  material_color_utilities 0.11.1 (0.13.0 available)
  meta 1.17.0 (1.18.1 available)
  riverpod 2.6.1 (3.2.1 available)
  riverpod_analyzer_utils 0.5.9 (0.5.10 available)
  riverpod_annotation 2.6.1 (4.0.2 available)
  riverpod_generator 2.6.4 (4.0.3 available)
  source_gen 2.0.0 (4.2.0 available)
  source_helper 1.3.7 (1.3.10 available)
  sqlite3 2.9.4 (3.1.5 available)
  sqlparser 0.41.2 (0.43.1 available)
  test_api 0.7.7 (0.7.9 available)
Got dependencies!
37 packages have newer versions incompatible with dependency constraints.
Try `flutter pub outdated` for more information.
00:00 +0: loading /app/test/core/theme/widgets/financial_mood_icon_test.dart                                                                                                                           00:01 +0: loading /app/test/core/theme/widgets/financial_mood_icon_test.dart                                                                                                                           00:02 +0: loading /app/test/core/theme/widgets/financial_mood_icon_test.dart                                                                                                                           00:03 +0: loading /app/test/core/theme/widgets/financial_mood_icon_test.dart                                                                                                                           00:03 +0: FinancialMoodIcon displays correct icon and color for good health (>= 3.0 months)                                                                                                            00:03 +1: FinancialMoodIcon displays correct icon and color for good health (>= 3.0 months)                                                                                                            00:03 +1: FinancialMoodIcon displays correct icon and color for boundary good health (3.0 months)                                                                                                      00:03 +2: FinancialMoodIcon displays correct icon and color for boundary good health (3.0 months)                                                                                                      00:03 +2: FinancialMoodIcon displays correct icon and color for medium health (>= 0.0 and < 3.0 months)                                                                                                00:03 +3: FinancialMoodIcon displays correct icon and color for medium health (>= 0.0 and < 3.0 months)                                                                                                00:03 +3: FinancialMoodIcon displays correct icon and color for boundary medium health (0.0 months)                                                                                                    00:03 +4: FinancialMoodIcon displays correct icon and color for boundary medium health (0.0 months)                                                                                                    00:03 +4: FinancialMoodIcon displays correct icon and color for bad health (< 0.0 months)                                                                                                              00:03 +5: FinancialMoodIcon displays correct icon and color for bad health (< 0.0 months)                                                                                                              00:03 +5: All tests passed!
